info: Microsoft.EntityFrameworkCore.Database.Command[20101]
      Executed DbCommand (14ms) [Parameters=[], CommandType='Text', CommandTimeout='30']
      SELECT 1
info: Microsoft.EntityFrameworkCore.Database.Command[20101]
      Executed DbCommand (14ms) [Parameters=[], CommandType='Text', CommandTimeout='30']
      SELECT OBJECT_ID(N'[__EFMigrationsHistory]');
info: Microsoft.EntityFrameworkCore.Database.Command[20101]
      Executed DbCommand (2ms) [Parameters=[], CommandType='Text', CommandTimeout='30']
      SELECT 1
info: Microsoft.EntityFrameworkCore.Database.Command[20101]
      Executed DbCommand (1ms) [Parameters=[], CommandType='Text', CommandTimeout='30']
      SELECT OBJECT_ID(N'[__EFMigrationsHistory]');
info: Microsoft.EntityFrameworkCore.Database.Command[20101]
      Executed DbCommand (14ms) [Parameters=[], CommandType='Text', CommandTimeout='30']
      SELECT [MigrationId], [ProductVersion]
      FROM [__EFMigrationsHistory]
      ORDER BY [MigrationId];
info: Microsoft.EntityFrameworkCore.Migrations[20405]
      No migrations were applied. The database is already up to date.
info: Microsoft.EntityFrameworkCore.Database.Command[20101]
      Executed DbCommand (9ms) [Parameters=[], CommandType='Text', CommandTimeout='30']
      SELECT CASE
          WHEN EXISTS (
              SELECT 1
              FROM [role] AS [r]) THEN CAST(1 AS bit)
          ELSE CAST(0 AS bit)
      END
info: Microsoft.Hosting.Lifetime[14]
      Now listening on: http://localhost:5000
info: Microsoft.Hosting.Lifetime[0]
      Application started. Press Ctrl+C to shut down.
info: Microsoft.Hosting.Lifetime[0]
      Hosting environment: Production
info: Microsoft.Hosting.Lifetime[0]
      Content root path: C:\Users\nazim_mouzaoui\Downloads\fournisseur-management-system\backend
info: SupplierManagement.API.Middleware.RequestLoggingMiddleware[0]
      Request: POST /api/auth/login
warn: Microsoft.AspNetCore.HttpsPolicy.HttpsRedirectionMiddleware[3]
      Failed to determine the https port for redirect.
info: Microsoft.EntityFrameworkCore.Database.Command[20101]
      Executed DbCommand (25ms) [Parameters=[@__request_Identifiant_0='?' (Size = 450)], CommandType='Text', CommandTimeout='30']
      SELECT TOP(1) [u].[id], [u].[date_creation], [u].[email], [u].[identifiant], [u].[mot_de_passe_hash], [u].[nom], [u].[prenom], [u].[role_id], [u].[statut], [r].[id], [r].[description], [r].[libelle]
      FROM [utilisateur] AS [u]
      INNER JOIN [role] AS [r] ON [u].[role_id] = [r].[id]
      WHERE [u].[identifiant] = @__request_Identifiant_0
info: Microsoft.EntityFrameworkCore.Database.Command[20101]
      Executed DbCommand (4ms) [Parameters=[@__user_RoleId_0='?' (DbType = Int32)], CommandType='Text', CommandTimeout='30']
      SELECT TOP(1) [r].[id], [r].[description], [r].[libelle]
      FROM [role] AS [r]
      WHERE [r].[id] = @__user_RoleId_0
info: SupplierManagement.API.Middleware.RequestLoggingMiddleware[0]
      Request: POST /api/operateurs
info: Microsoft.EntityFrameworkCore.Database.Command[20101]
      Executed DbCommand (9ms) [Parameters=[], CommandType='Text', CommandTimeout='30']
      SELECT TOP(1) [s].[id], [s].[libelle]
      FROM [statut] AS [s]
      WHERE [s].[libelle] = N'en cours'
info: Microsoft.EntityFrameworkCore.Database.Command[20101]
      Executed DbCommand (20ms) [Parameters=[@p0='?' (Size = 4000), @p1='?' (DbType = DateTime2), @p2='?' (DbType = Int32), @p3='?' (DbType = DateTime2), @p4='?' (DbType = DateTime2), @p5='?' (Size = 4000), @p6='?' (Size = 4000), @p7='?' (Size = 450), @p8='?' (Size = 4000), @p9='?' (Size = 450), @p10='?' (Size = 450), @p11='?' (Size = 4000), @p12='?' (DbType = Int32), @p13='?' (DbType = Int32), @p14='?' (Size = 4000), @p15='?' (Size = 4000), @p16='?' (DbType = DateTime2), @p17='?' (Size = 450)], CommandType='Text', CommandTimeout='30']
      SET IMPLICIT_TRANSACTIONS OFF;
      SET NOCOUNT ON;
      INSERT INTO [operateur_economique] ([adresse], [created_at], [created_by], [date_creation_entreprise], [date_immatriculation], [email], [forme_juridique], [nif], [nis], [numero_immatriculation], [raison_sociale], [registre_commerce], [secteur_activite_id], [statut_id], [telephone], [type_operateur], [updated_at], [wilaya])
      OUTPUT INSERTED.[id]
      VALUES (@p0, @p1, @p2, @p3, @p4, @p5, @p6, @p7, @p8, @p9, @p10, @p11, @p12, @p13, @p14, @p15, @p16, @p17);
info: Microsoft.EntityFrameworkCore.Database.Command[20101]
      Executed DbCommand (8ms) [Parameters=[@__id_0='?' (DbType = Int32)], CommandType='Text', CommandTimeout='30']
      SELECT TOP(1) [o].[id], [o].[adresse], [o].[created_at], [o].[created_by], [o].[date_creation_entreprise], [o].[date_immatriculation], [o].[email], [o].[forme_juridique], [o].[nif], [o].[nis], [o].[numero_immatriculation], [o].[raison_sociale], [o].[registre_commerce], [o].[secteur_activite_id], [o].[statut_id], [o].[telephone], [o].[type_operateur], [o].[updated_at], [o].[wilaya], [s].[id], [s].[libelle], [s0].[id], [s0].[libelle]
      FROM [operateur_economique] AS [o]
      LEFT JOIN [secteur_activite] AS [s] ON [o].[secteur_activite_id] = [s].[id]
      LEFT JOIN [statut] AS [s0] ON [o].[statut_id] = [s0].[id]
      WHERE [o].[id] = @__id_0
info: Microsoft.EntityFrameworkCore.Database.Command[20101]
      Executed DbCommand (12ms) [Parameters=[@p0='?' (Size = 255), @p1='?' (DbType = DateTime2), @p2='?' (Size = 4000), @p3='?' (Size = 100), @p4='?' (DbType = Int32), @p5='?' (DbType = Int32), @p6='?' (Size = 255)], CommandType='Text', CommandTimeout='30']
      SET IMPLICIT_TRANSACTIONS OFF;
      SET NOCOUNT ON;
      INSERT INTO [audit_log] ([action], [date_heure], [details], [entite], [entite_id], [utilisateur_id], [utilisateur_identifiant])
      OUTPUT INSERTED.[id]
      VALUES (@p0, @p1, @p2, @p3, @p4, @p5, @p6);
info: SupplierManagement.API.Middleware.RequestLoggingMiddleware[0]
      Request: DELETE /api/operateurs/1003
info: Microsoft.EntityFrameworkCore.Database.Command[20101]
      Executed DbCommand (4ms) [Parameters=[@__p_0='?' (DbType = Int32)], CommandType='Text', CommandTimeout='30']
      SELECT TOP(1) [o].[id], [o].[adresse], [o].[created_at], [o].[created_by], [o].[date_creation_entreprise], [o].[date_immatriculation], [o].[email], [o].[forme_juridique], [o].[nif], [o].[nis], [o].[numero_immatriculation], [o].[raison_sociale], [o].[registre_commerce], [o].[secteur_activite_id], [o].[statut_id], [o].[telephone], [o].[type_operateur], [o].[updated_at], [o].[wilaya]
      FROM [operateur_economique] AS [o]
      WHERE [o].[id] = @__p_0
info: Microsoft.EntityFrameworkCore.Database.Command[20101]
      Executed DbCommand (15ms) [Parameters=[@p0='?' (DbType = Int32)], CommandType='Text', CommandTimeout='30']
      SET IMPLICIT_TRANSACTIONS OFF;
      SET NOCOUNT ON;
      DELETE FROM [operateur_economique]
      OUTPUT 1
      WHERE [id] = @p0;
info: Microsoft.EntityFrameworkCore.Database.Command[20101]
      Executed DbCommand (2ms) [Parameters=[@p0='?' (Size = 255), @p1='?' (DbType = DateTime2), @p2='?' (Size = 4000), @p3='?' (Size = 100), @p4='?' (DbType = Int32), @p5='?' (DbType = Int32), @p6='?' (Size = 255)], CommandType='Text', CommandTimeout='30']
      SET IMPLICIT_TRANSACTIONS OFF;
      SET NOCOUNT ON;
      INSERT INTO [audit_log] ([action], [date_heure], [details], [entite], [entite_id], [utilisateur_id], [utilisateur_identifiant])
      OUTPUT INSERTED.[id]
      VALUES (@p0, @p1, @p2, @p3, @p4, @p5, @p6);
info: SupplierManagement.API.Middleware.RequestLoggingMiddleware[0]
      Request: GET /api/audit
info: Microsoft.EntityFrameworkCore.Database.Command[20101]
      Executed DbCommand (5ms) [Parameters=[], CommandType='Text', CommandTimeout='30']
      SELECT [a].[id] AS [Id], [a].[utilisateur_id] AS [UtilisateurId], [a].[utilisateur_identifiant] AS [UtilisateurIdentifiant], [a].[action] AS [Action], [a].[entite] AS [Entite], [a].[entite_id] AS [EntiteId], [a].[details] AS [Details], [a].[date_heure] AS [DateHeure]
      FROM [audit_log] AS [a]
      ORDER BY [a].[date_heure] DESC
